{
  "ctx": {
    "date": [
      3,
      11,
      1
    ],
    "mood": "VERY_GOOD",
    "scenario": "新設！　URAファイナルズ！！",
    "vitality": 0.8357487922705313,
    "maxVitality": 100,
    "speed": 1200,
    "stamina": 753,
    "power": 616,
    "guts": 364,
    "wisdom": 326,
    "fanCount": 0,
    "turf": "",
    "dart": "",
    "sprint": "",
    "mile": "",
    "intermediate": "",
    "long": "",
    "last": "",
    "middle": "",
    "head": "",
    "lead": "",
    "conditions": []
  },
  "scene": {
    "hasHealthCare": false,
    "hasScheduledRace": false,
    "canGoOutWithFriend": true,
    "hasShop": false
  }
}