{
  "ctx": {
    "date": [
      1,
      10,
      1
    ],
    "mood": "VERY_GOOD",
    "scenario": "Make a new track!!  ～クライマックス開幕～",
    "vitality": 0.6859903381642511,
    "maxVitality": 100,
    "speed": 298,
    "stamina": 223,
    "power": 250,
    "guts": 237,
    "wisdom": 151,
    "fanCount": 0,
    "turf": "",
    "dart": "",
    "sprint": "",
    "mile": "",
    "intermediate": "",
    "long": "",
    "last": "",
    "middle": "",
    "head": "",
    "lead": "",
    "conditions": [],
    "gradePoint": 10,
    "shopCoin": 100
  },
  "scene": {
    "hasHealthCare": false,
    "hasScheduledRace": false,
    "canGoOutWithFriend": false,
    "hasShop": true
  }
}