{
  "ctx": {
    "date": [
      1,
      0,
      0
    ],
    "mood": "VERY_GOOD",
    "scenario": "アオハル杯～輝け、チームの絆～",
    "vitality": 0.37681159420289856,
    "maxVitality": 100,
    "speed": 256,
    "stamina": 170,
    "power": 289,
    "guts": 126,
    "wisdom": 129,
    "fanCount": 0,
    "turf": "",
    "dart": "",
    "sprint": "",
    "mile": "",
    "intermediate": "",
    "long": "",
    "last": "",
    "middle": "",
    "head": "",
    "lead": "",
    "conditions": []
  },
  "scene": {
    "hasHealthCare": false,
    "hasScheduledRace": false,
    "canGoOutWithFriend": false,
    "hasShop": false
  }
}