{
  "スピードのメモ帳": {
    "exchange": 9.092894444444443,
    "expectedExchange": 5.6,
    "shouldUseDirectly": true
  },
  "スタミナのメモ帳": {
    "exchange": 2.996,
    "expectedExchange": 5.6,
    "shouldUseDirectly": true
  },
  "パワーのメモ帳": {
    "exchange": 2.596777777777778,
    "expectedExchange": 5.6,
    "shouldUseDirectly": true
  },
  "根性のメモ帳": {
    "exchange": 2.985,
    "expectedExchange": 5.6,
    "shouldUseDirectly": true
  },
  "賢さのメモ帳": {
    "exchange": 3.588,
    "expectedExchange": 5.6,
    "shouldUseDirectly": true
  },
  "スピード戦術書": {
    "exchange": 12.827420370370369,
    "expectedExchange": 8.399999999999999,
    "shouldUseDirectly": true
  },
  "スタミナ戦術書": {
    "exchange": 6.9719999999999995,
    "expectedExchange": 8.399999999999999,
    "shouldUseDirectly": true
  },
  "パワー戦術書": {
    "exchange": 6.044111111111111,
    "expectedExchange": 8.399999999999999,
    "shouldUseDirectly": true
  },
  "根性戦術書": {
    "exchange": 6.894999999999999,
    "expectedExchange": 8.399999999999999,
    "shouldUseDirectly": true
  },
  "賢さ戦術書": {
    "exchange": 8.316,
    "expectedExchange": 8.399999999999999,
    "shouldUseDirectly": true
  },
  "スピード秘伝書": {
    "exchange": 20.26447222222222,
    "expectedExchange": 16.799999999999997,
    "shouldUseDirectly": true
  },
  "スタミナ秘伝書": {
    "exchange": 14.86,
    "expectedExchange": 16.799999999999997,
    "shouldUseDirectly": true
  },
  "パワー秘伝書": {
    "exchange": 12.88722222222222,
    "expectedExchange": 16.799999999999997,
    "shouldUseDirectly": true
  },
  "根性秘伝書": {
    "exchange": 14.474999999999998,
    "expectedExchange": 16.799999999999997,
    "shouldUseDirectly": true
  },
  "賢さ秘伝書": {
    "exchange": 17.580000000000005,
    "expectedExchange": 16.799999999999997,
    "shouldUseDirectly": true
  },
  "バイタル20": {
    "exchange": 0,
    "expectedExchange": 19.599999999999998,
    "shouldUseDirectly": false
  },
  "バイタル40": {
    "exchange": 0,
    "expectedExchange": 30.799999999999997,
    "shouldUseDirectly": false
  },
  "バイタル65": {
    "exchange": 0,
    "expectedExchange": 42.0,
    "shouldUseDirectly": false
  },
  "ロイヤルビタージュース": {
    "exchange": 0,
    "expectedExchange": 39.199999999999996,
    "shouldUseDirectly": false
  },
  "エネドリンクMAX": {
    "exchange": 8.0,
    "expectedExchange": 16.799999999999997,
    "shouldUseDirectly": false
  },
  "ロングエネドリンクMAX": {
    "exchange": 16.0,
    "expectedExchange": 28.0,
    "shouldUseDirectly": true
  },
  "プレーンカップケーキ": {
    "exchange": 1.0613333333333337,
    "expectedExchange": 16.799999999999997,
    "shouldUseDirectly": true
  },
  "スイートカップケーキ": {
    "exchange": 2.119733333333334,
    "expectedExchange": 30.799999999999997,
    "shouldUseDirectly": true
  }
}