{
  "items": [
    {
      "id": 7,
      "name": "スタミナ戦術書",
      "price": 15
    },
    {
      "id": 10,
      "name": "賢さ戦術書",
      "price": 15
    },
    {
      "id": 43,
      "name": "チアメガホン",
      "price": 40
    }
  ]
}