{
  "items": [
    {
      "id": 44,
      "name": "スパルタメガホン",
      "price": 44
    },
    {
      "id": 44,
      "name": "スパルタメガホン",
      "price": 44
    },
    {
      "id": 40,
      "name": "根性トレーニング嘆願書",
      "price": 120
    }
  ]
}