{
  "items": [
    {
      "id": 10,
      "name": "賢さ戦術書",
      "price": 12
    },
    {
      "id": 25,
      "name": "にんじんBBQセット",
      "price": 32
    },
    {
      "id": 21,
      "name": "ロングエネドリンクMAX",
      "price": 40
    },
    {
      "id": 18,
      "name": "バイタル65",
      "price": 60
    }
  ]
}