{
  "items": [
    {
      "id": 21,
      "name": "ロングエネドリンクMAX",
      "price": 45
    },
    {
      "id": 16,
      "name": "バイタル20",
      "price": 31
    },
    {
      "id": 52,
      "name": "蹄鉄ハンマー・極",
      "price": 36
    },
    {
      "id": 47,
      "name": "スタミナアンクルウェイト",
      "price": 45
    }
  ]
}