Training<sta=9 gut=3 ski=2 vit=-19.0% fail=0% lv=1>