Training<lv=5 vit=-26.00% fail=0% pow=17 sta=9 ski=2 ptn=pow@3>