Training<lv=1 vit=-19.00% fail=28% sta=15 gut=6 ski=3 ptn=oth@1,pow@4,pow@2>