Training<spd=27 pow=13 ski=2 vit=-22.0% fail=0% lv=2 ptn=oth@1,pow@3(86%),tm^^(100%)>