Training<gut=11 pow=8 spd=4 ski=4 vit=-22.0% fail=0% lv=1 ptn=spd@2(0%),gut^(0%),pow@2^(0%)>