Training<pow=10 sta=6 ski=3 vit=-20.0% fail=61% lv=1 ptn=spd@2>