Training<lv=4 vit=-25.00% fail=51% spd=22 pow=10 ski=3 ptn=spd@5>