{
  "items": [
    {
      "id": 44,
      "name": "スパルタメガホン",
      "quantity": 3,
      "disabled": false
    },
    {
      "id": 45,
      "name": "ブートキャンプメガホン",
      "quantity": 1,
      "disabled": false
    },
    {
      "id": 46,
      "name": "スピードアンクルウェイト",
      "quantity": 3,
      "disabled": false
    },
    {
      "id": 47,
      "name": "スタミナアンクルウェイト",
      "quantity": 1,
      "disabled": false
    },
    {
      "id": 48,
      "name": "パワーアンクルウェイト",
      "quantity": 1,
      "disabled": false
    },
    {
      "id": 49,
      "name": "根性アンクルウェイト",
      "quantity": 1,
      "disabled": false
    },
    {
      "id": 53,
      "name": "三色ペンライト",
      "quantity": 1,
      "disabled": false
    }
  ]
}