{
  "items": [
    {
      "id": 16,
      "name": "バイタル20",
      "quantity": 3,
      "disabled": false
    },
    {
      "id": 20,
      "name": "エネドリンクMAX",
      "quantity": 1,
      "disabled": false
    },
    {
      "id": 43,
      "name": "チアメガホン",
      "quantity": 2,
      "disabled": true
    },
    {
      "id": 44,
      "name": "スパルタメガホン",
      "quantity": 2,
      "disabled": true
    },
    {
      "id": 46,
      "name": "スピードアンクルウェイト",
      "quantity": 3,
      "disabled": false
    },
    {
      "id": 47,
      "name": "スタミナアンクルウェイト",
      "quantity": 1,
      "disabled": false
    },
    {
      "id": 48,
      "name": "パワーアンクルウェイト",
      "quantity": 1,
      "disabled": false
    }
  ]
}