{
  "date": [
    1,
    8,
    1
  ],
  "mood": "VERY_GOOD",
  "scenario": "Make a new track!!  ～クライマックス開幕～",
  "vitality": 0.927536231884058,
  "maxVitality": 100,
  "speed": 262,
  "stamina": 210,
  "power": 234,
  "guts": 231,
  "wisdom": 141,
  "fanCount": 0,
  "turf": "",
  "dart": "",
  "sprint": "",
  "mile": "",
  "intermediate": "",
  "long": "",
  "last": "",
  "middle": "",
  "head": "",
  "lead": "",
  "conditions": [],
  "gradePoint": 0,
  "shopCoin": 0
}