[
  "1,(1, 1, 1)",
  "2,(1, 1, 2)",
  "3,(1, 2, 1)",
  "4,(1, 2, 2)",
  "5,(1, 3, 1)",
  "6,(1, 3, 2)",
  "7,(1, 4, 1)",
  "8,(1, 4, 2)",
  "9,(1, 5, 1)",
  "10,(1, 5, 2)",
  "11,(1, 6, 1)",
  "12,(1, 6, 2)",
  "13,(1, 7, 1)",
  "14,(1, 7, 2)",
  "15,(1, 8, 1)",
  "16,(1, 8, 2)",
  "17,(1, 9, 1)",
  "18,(1, 9, 2)",
  "19,(1, 10, 1)",
  "20,(1, 10, 2)",
  "21,(1, 11, 1)",
  "22,(1, 11, 2)",
  "23,(1, 12, 1)",
  "24,(1, 12, 2)",
  "25,(2, 1, 1)",
  "26,(2, 1, 2)",
  "27,(2, 2, 1)",
  "28,(2, 2, 2)",
  "29,(2, 3, 1)",
  "30,(2, 3, 2)",
  "31,(2, 4, 1)",
  "32,(2, 4, 2)",
  "33,(2, 5, 1)",
  "34,(2, 5, 2)",
  "35,(2, 6, 1)",
  "36,(2, 6, 2)",
  "37,(2, 7, 1)",
  "38,(2, 7, 2)",
  "39,(2, 8, 1)",
  "40,(2, 8, 2)",
  "41,(2, 9, 1)",
  "42,(2, 9, 2)",
  "43,(2, 10, 1)",
  "44,(2, 10, 2)",
  "45,(2, 11, 1)",
  "46,(2, 11, 2)",
  "47,(2, 12, 1)",
  "48,(2, 12, 2)",
  "49,(3, 1, 1)",
  "50,(3, 1, 2)",
  "51,(3, 2, 1)",
  "52,(3, 2, 2)",
  "53,(3, 3, 1)",
  "54,(3, 3, 2)",
  "55,(3, 4, 1)",
  "56,(3, 4, 2)",
  "57,(3, 5, 1)",
  "58,(3, 5, 2)",
  "59,(3, 6, 1)",
  "60,(3, 6, 2)",
  "61,(3, 7, 1)",
  "62,(3, 7, 2)",
  "63,(3, 8, 1)",
  "64,(3, 8, 2)",
  "65,(3, 9, 1)",
  "66,(3, 9, 2)",
  "67,(3, 10, 1)",
  "68,(3, 10, 2)",
  "69,(3, 11, 1)",
  "70,(3, 11, 2)",
  "71,(3, 12, 1)",
  "72,(3, 12, 2)",
  "73,(4, 1, 1)",
  "74,(4, 1, 2)",
  "75,(4, 2, 1)",
  "76,(4, 2, 2)",
  "77,(4, 3, 1)",
  "78,(4, 3, 2)"
]