{
  "date": [
    0,
    0,
    0
  ],
  "mood": "NORMAL",
  "scenario": "",
  "vitality": 0.0,
  "maxVitality": 100,
  "speed": 0,
  "stamina": 0,
  "power": 0,
  "guts": 0,
  "wisdom": 0,
  "fanCount": 1225,
  "turf": "",
  "dart": "",
  "sprint": "",
  "mile": "",
  "intermediate": "",
  "long": "",
  "last": "",
  "middle": "",
  "head": "",
  "lead": "",
  "conditions": []
}