[
  [
    {
      "stadium": "新潟",
      "name": "ジュニア級未勝利戦",
      "grade": 800,
      "ground": 2,
      "distance": 1200,
      "permission": 1,
      "month": 8,
      "half": 2,
      "entryCount": 9,
      "track": 1,
      "turn": 2,
      "targetStatuses": [],
      "minFanCount": 0,
      "fanCounts": [
        500,
        200,
        125,
        75,
        50,
        45,
        40,
        35,
        30,
        25,
        20,
        15,
        13,
        10,
        8,
        5,
        5,
        5
      ],
      "gradePoints": [
        10,
        0,
        0,
        0,
        0,
        0,
        0,
        0,
        0,
        0,
        0,
        0,
        0,
        0,
        0,
        0,
        0,
        0
      ],
      "shopCoins": [
        100,
        60,
        60,
        30,
        30,
        0,
        0,
        0,
        0,
        0,
        0,
        0,
        0,
        0,
        0,
        0,
        0,
        0
      ],
      "characters": []
    },
    [
      203,
      600
    ]
  ],
  [
    {
      "stadium": "新潟",
      "name": "ジュニア級未勝利戦",
      "grade": 800,
      "ground": 1,
      "distance": 1800,
      "permission": 1,
      "month": 8,
      "half": 2,
      "entryCount": 9,
      "track": 3,
      "turn": 2,
      "targetStatuses": [
        3
      ],
      "minFanCount": 0,
      "fanCounts": [
        500,
        200,
        125,
        75,
        50,
        45,
        40,
        35,
        30,
        25,
        20,
        15,
        13,
        10,
        8,
        5,
        5,
        5
      ],
      "gradePoints": [
        10,
        0,
        0,
        0,
        0,
        0,
        0,
        0,
        0,
        0,
        0,
        0,
        0,
        0,
        0,
        0,
        0,
        0
      ],
      "shopCoins": [
        100,
        60,
        60,
        30,
        30,
        0,
        0,
        0,
        0,
        0,
        0,
        0,
        0,
        0,
        0,
        0,
        0,
        0
      ],
      "characters": []
    },
    [
      203,
      715
    ]
  ]
]