{
  "stadium": "京都",
  "name": "宝塚記念",
  "grade": 100,
  "ground": 1,
  "distance": 2200,
  "permission": 4,
  "month": 6,
  "half": 2,
  "entryCount": 18,
  "track": 3,
  "turn": 1,
  "targetStatuses": [
    1
  ],
  "minFanCount": 20000,
  "fanCounts": [
    15000,
    6000,
    3750,
    2250,
    1500,
    1350,
    1200,
    1050,
    900,
    750,
    600,
    450,
    375,
    300,
    225,
    150,
    150,
    150
  ],
  "gradePoints": [
    100,
    60,
    40,
    20,
    20,
    10,
    10,
    10,
    10,
    10,
    10,
    10,
    10,
    10,
    10,
    10,
    10,
    10
  ],
  "shopCoins": [
    100,
    60,
    60,
    30,
    30,
    0,
    0,
    0,
    0,
    0,
    0,
    0,
    0,
    0,
    0,
    0,
    0,
    0
  ],
  "characters": [
    "メジロマックイーン",
    "メジロライアン",
    "ライスシャワー"
  ]
}