{
  "stadium": "札幌",
  "name": "コスモス賞",
  "grade": 400,
  "ground": 1,
  "distance": 1800,
  "permission": 1,
  "month": 8,
  "half": 1,
  "entryCount": 14,
  "track": 1,
  "turn": 1,
  "targetStatuses": [],
  "minFanCount": 350,
  "fanCounts": [
    1600,
    640,
    400,
    240,
    160,
    144,
    128,
    112,
    96,
    80,
    64,
    48,
    40,
    32,
    24,
    16,
    16,
    16
  ],
  "gradePoints": [
    40,
    24,
    16,
    8,
    8,
    4,
    4,
    4,
    4,
    4,
    4,
    4,
    4,
    4,
    4,
    4,
    4,
    4
  ],
  "shopCoins": [
    100,
    60,
    60,
    30,
    30,
    0,
    0,
    0,
    0,
    0,
    0,
    0,
    0,
    0,
    0,
    0,
    0,
    0
  ],
  "characters": []
}